// Jest Snapshot v1, https://goo.gl/fbAQLP

exports[`Test home component 1`] = `
<DocumentFragment>
  <div
    class="ui grid"
  />
</DocumentFragment>
`;
