// Jest Snapshot v1, https://goo.gl/fbAQLP

exports[`Test ConfirmationModal component 1`] = `<DocumentFragment />`;
