// Jest Snapshot v1, https://goo.gl/fbAQLP

exports[`Test Footer component 1`] = `
<DocumentFragment>
  <div
    class="ui inverted vertical segment custom-footer"
  >
    <div
      class="ui container"
    >
      <div
        class="ui grid"
      >
        <div
          class="row"
        >
          <div
            class="center aligned column"
          >
            Dragon Book Â© 2020
          </div>
        </div>
      </div>
    </div>
  </div>
</DocumentFragment>
`;
