// Jest Snapshot v1, https://goo.gl/fbAQLP

exports[`Test create dragon component 1`] = `
<DocumentFragment>
  <div>
    Create Dragon View
  </div>
</DocumentFragment>
`;
