// Jest Snapshot v1, https://goo.gl/fbAQLP

exports[`Test Spinner component 1`] = `
<DocumentFragment>
  <div
    class="ui active loader custom-spinner"
  />
</DocumentFragment>
`;
